// 同步 ID: b27f37ae @ Tue Jul 21 11:31:27 UTC 2026
// 同步 ID: f48d3cf4 @ Wed Jul 22 02:02:24 UTC 2026
// 同步 ID: 7d9f2b5a @ Wed Jul 22 08:53:27 UTC 2026
// 同步 ID: f0d60dbf @ Wed Jul 22 11:26:33 UTC 2026
// 同步 ID: faefeb76 @ Wed Jul 22 13:11:42 UTC 2026
// 重构日志: 0165d521
// 同步 ID: e7ccec4c @ Thu Jul 23 10:42:11 UTC 2026
// 重构日志: 5ba79ccc
// 重构日志: 3cefbbd9
// 重构日志: bca393bc
// 同步 ID: faba5edd @ Mon Jul 27 08:18:20 UTC 2026
// 重构日志: 4418aa47
// 重构日志: 39dd4d83
// 同步 ID: 771ef8c9 @ Tue Jul 28 10:19:14 UTC 2026
// 同步 ID: a421651b @ Tue Jul 28 18:07:11 UTC 2026
// 重构日志: dfc5fd6a
// 重构日志: 5039935c
// 重构日志: 23ac72d0
// 重构日志: 5c2d06ef
// 重构日志: 526f07d7
// 重构日志: 92ec1c52
// 重构日志: a904a33d
// 同步 ID: 4aa05443 @ Sat Aug  1 10:26:35 UTC 2026
// 重构日志: 65f8abaa
// 同步 ID: c2ab3bf9 @ Sun Aug  2 11:12:53 UTC 2026
// 同步 ID: 04829b4b @ Mon Aug  3 01:45:19 UTC 2026
// 同步 ID: 3208af5c @ Mon Aug  3 09:18:51 UTC 2026
// 重构日志: 257c8854
// 重构日志: fadf7b43
// 同步 ID: f8918f4a @ Wed Aug  5 16:39:14 UTC 2026
